Testing Edge Function...
Response received in 1248ms
Status: 429 Too Many Requests
node : Error body: {"error":"Gemini API Error: 429","details":"{\n  \"error\": {\n    \"code\": 429,\n    \"message\": 
\"You exceeded your current quota, please check your plan and billing details. For more information on this error, 
head to: https://ai.google.dev/gemini-api/docs/rate-limits. To monitor your current usage, head to: 
https://ai.dev/rate-limit. \\n* Quota exceeded for metric: 
generativelanguage.googleapis.com/generate_content_free_tier_input_token_count, limit: 0, model: gemini-2.0-flash\\n* 
Quota exceeded for metric: generativelanguage.googleapis.com/generate_content_free_tier_requests, limit: 0, model: 
gemini-2.0-flash\\n* Quota exceeded for metric: generativelanguage.googleapis.com/generate_content_free_tier_requests, 
limit: 0, model: gemini-2.0-flash\\nPlease retry in 30.383877242s.\",\n    \"status\": \"RESOURCE_EXHAUSTED\",\n    
\"details\": [\n      {\n        \"@type\": \"type.googleapis.com/google.rpc.Help\",\n        \"links\": [\n          
{\n            \"description\": \"Learn more about Gemini API quotas\",\n            \"url\": 
\"https://ai.google.dev/gemini-api/docs/rate-limits\"\n          }\n        ]\n      },\n      {\n        \"@type\": 
\"type.googleapis.com/google.rpc.QuotaFailure\",\n        \"violations\": [\n          {\n            \"quotaMetric\": 
\"generativelanguage.googleapis.com/generate_content_free_tier_input_token_count\",\n            \"quotaId\": 
\"GenerateContentInputTokensPerModelPerMinute-FreeTier\",\n            \"quotaDimensions\": {\n              
\"model\": \"gemini-2.0-flash\",\n              \"location\": \"global\"\n            }\n          },\n          {\n   
         \"quotaMetric\": \"generativelanguage.googleapis.com/generate_content_free_tier_requests\",\n            
\"quotaId\": \"GenerateRequestsPerMinutePerProjectPerModel-FreeTier\",\n            \"quotaDimensions\": {\n           
   \"location\": \"global\",\n              \"model\": \"gemini-2.0-flash\"\n            }\n          },\n          
{\n            \"quotaMetric\": \"generativelanguage.googleapis.com/generate_content_free_tier_requests\",\n           
 \"quotaId\": \"GenerateRequestsPerDayPerProjectPerModel-FreeTier\",\n            \"quotaDimensions\": {\n             
 \"model\": \"gemini-2.0-flash\",\n              \"location\": \"global\"\n            }\n          }\n        ]\n     
 },\n      {\n        \"@type\": \"type.googleapis.com/google.rpc.RetryInfo\",\n        \"retryDelay\": \"30s\"\n      
}\n    ]\n  }\n}\n"}
En línea: 1 Carácter: 1
+ node test-function.js > test-output.txt 2>&1
+ ~~~~~~~~~~~~~~~~~~~~~~~~~~~~~~~~~~~~~~~~~~~~
    + CategoryInfo          : NotSpecified: (Error body: {"e...  ]\n  }\n}\n"}:String) [], RemoteException
    + FullyQualifiedErrorId : NativeCommandError
 
